2025.Nov.06 01:18:16 - rocketserializer.cli - WARNING - [ork2notebook] Output folder not specified. Using '.' instead.
2025.Nov.06 01:18:16 - rocketserializer._helpers - INFO - Successfully extracted rocket.ork from "OpenRocket_Quark ll (2025 - 11 - 05).ork" to "."
2025.Nov.06 01:18:17 - rocketserializer._helpers - INFO - Successfully parsed .ork file at 'rocket.ork' with 7929 datapoints
2025.Nov.06 01:18:17 - orhelper._orhelper - INFO - Starting JVM from /usr/lib/jvm/java-21-openjdk-amd64/lib/server/libjvm.so CLASSPATH=../other_files/OpenRocket.jar
2025.Nov.06 01:18:24 - rocketserializer.ork_extractor - INFO - Successfully initialized vectors with 7928 datapoints
2025.Nov.06 01:18:24 - rocketserializer.ork_extractor - INFO - Initialized data vectors from the ORK file.
2025.Nov.06 01:18:24 - rocketserializer.components.motor - INFO - Collected motor geometry: motor length and motor radius.
2025.Nov.06 01:18:24 - rocketserializer.components.motor - INFO - The motor dry mass is 0.000 kg.
2025.Nov.06 01:18:24 - rocketserializer.components.motor - INFO - The total propellant mass is 0.344 kg. The motor dry mass is 0.000 kg.
2025.Nov.06 01:18:24 - rocketserializer.components.motor - INFO - Calculated motor mass properties.
2025.Nov.06 01:18:24 - rocketserializer.components.motor - INFO - Successfully configured the motor.
                        grain_density: 1379.8630464926725
                       grain_initial_inner_radius: 0.01125
                       grain_outer_radius: 0.0225
                       grain_initial_height: 0.209
                       nozzle_radius: 0.016875
                       throat_radius: 0.01125
                       dry_mass: 0
                       dry_inertia: (0, 0, 0)
                       center_of_dry_mass_position: 0
                       grains_center_of_mass_position: 0
                       grain_number: 1
                       grain_separation: 0
                       nozzle_position: -0.1045
                       coordinate_system_orientation: nozzle_to_combustion_chamber

2025.Nov.06 01:18:24 - rocketserializer.components.motor - INFO - The motor dry mass is 0.000 kg.
2025.Nov.06 01:18:24 - rocketserializer.components.motor - INFO - The total propellant mass is 0.344 kg. The motor dry mass is 0.000 kg.
2025.Nov.06 01:18:24 - rocketserializer.ork_extractor - INFO - Motor parameters retrieved.
2025.Nov.06 01:18:24 - rocketserializer.components.id - INFO - Collected the rocket name: 'gctfytv'
2025.Nov.06 01:18:24 - rocketserializer.components.id - WARNING - No auxiliary comment was found in the file.
2025.Nov.06 01:18:24 - rocketserializer.components.id - INFO - Collected the designer name: Carlos Eduardo Fracari do Nascimento
2025.Nov.06 01:18:24 - rocketserializer.components.id - INFO - Identification information extracted.
                        rocket_name: gctfytv
                       comment: None
                       designer: Carlos Eduardo Fracari do Nascimento
                       filepath: rocket.ork

2025.Nov.06 01:18:24 - rocketserializer.ork_extractor - INFO - Metadata parameters retrieved.
2025.Nov.06 01:18:24 - rocketserializer.components.environment - INFO - Collected first environment settings: latitude, longitude, elevation, wind_average, wind_turbulence, geodetic_method
2025.Nov.06 01:18:24 - rocketserializer.components.environment - WARNING - No base temperature was found in the .ork file. The base temperature will be set to None.
2025.Nov.06 01:18:24 - rocketserializer.components.environment - WARNING - No base pressure was found in the .ork file. The base pressure will be set to None.
2025.Nov.06 01:18:24 - rocketserializer.components.environment - INFO - Successfully extracted all the environment settings.
                        latitude: 28.61
                       longitude: -80.6
                       elevation: 0.0
                       wind_average: 4.0
                       wind_turbulence: 0.1
                       geodetic_method: spherical
                       base_temperature: None
                       base_pressure: None
                       date: None

2025.Nov.06 01:18:24 - rocketserializer.ork_extractor - INFO - Environment parameters retrieved.
2025.Nov.06 01:18:24 - rocketserializer.components.rocket - INFO - The maximum radius of the rocket is: 0.039000
2025.Nov.06 01:18:24 - rocketserializer.components.rocket - INFO - Collected rocket radius.
2025.Nov.06 01:18:25 - rocketserializer.components.rocket - INFO - Collected rocket mass.
2025.Nov.06 01:18:25 - rocketserializer.components.rocket - INFO - The moment of inertia of the rocket is: 0.249000 (longitudinal) and 0.006000 (rotational)
2025.Nov.06 01:18:25 - rocketserializer.components.rocket - INFO - Collected rocket inertia.
2025.Nov.06 01:18:25 - rocketserializer.components.rocket - INFO - Collected rocket center of mass.
2025.Nov.06 01:18:25 - rocketserializer.components.rocket - INFO - All the Rocket information was collected:
                       radius: 0.039
                       mass: 3.094
                       inertia: (0.006, 0.006, 0.249)
                       center_of_mass_without_propellant: 0.588
                       coordinate_system_orientation: nose_to_tail

2025.Nov.06 01:18:25 - rocketserializer.ork_extractor - INFO - Rocket parameters retrieved.
2025.Nov.06 01:18:25 - rocketserializer.components.flight - INFO - Collected launch conditions: launch rod length, launch rod angle, launch rod direction.
2025.Nov.06 01:18:25 - rocketserializer.components.flight - INFO - Exported launch conditions.
                       rail_length: 4.0
                       inclination: 90.0
                       heading: 90.0

2025.Nov.06 01:18:25 - rocketserializer.ork_extractor - INFO - Flight conditions retrieved.
2025.Nov.06 01:18:25 - rocketserializer.components.open_rocket_wrangler - INFO - Starting to process element 'gctfytv' of type 'Rocket'
2025.Nov.06 01:18:25 - rocketserializer.components.open_rocket_wrangler - INFO - Starting to process element 'Sustentador' of type 'AxialStage'
2025.Nov.06 01:18:25 - rocketserializer.components.open_rocket_wrangler - INFO - Starting to process element 'Ogiva' of type 'NoseCone'
2025.Nov.06 01:18:25 - rocketserializer.components.open_rocket_wrangler - INFO - Child 'Componente de massa' processed
2025.Nov.06 01:18:25 - rocketserializer.components.open_rocket_wrangler - INFO - Moving to the next child
2025.Nov.06 01:18:25 - rocketserializer.components.open_rocket_wrangler - INFO - No more children for 'Ogiva'
2025.Nov.06 01:18:25 - rocketserializer.components.open_rocket_wrangler - INFO - Finished processing 'Ogiva'
2025.Nov.06 01:18:25 - rocketserializer.components.open_rocket_wrangler - INFO - Child 'Ogiva' processed
2025.Nov.06 01:18:25 - rocketserializer.components.open_rocket_wrangler - INFO - Moving to the next child
2025.Nov.06 01:18:25 - rocketserializer.components.open_rocket_wrangler - INFO - Starting to process element 'Baia de Recuperação' of type 'BodyTube'
2025.Nov.06 01:18:25 - rocketserializer.components.open_rocket_wrangler - INFO - Child 'Paraquedas' processed
2025.Nov.06 01:18:25 - rocketserializer.components.open_rocket_wrangler - INFO - Moving to the next child
2025.Nov.06 01:18:25 - rocketserializer.components.open_rocket_wrangler - INFO - Starting to process element 'Base do ejetor' of type 'Bulkhead'
2025.Nov.06 01:18:25 - rocketserializer.components.open_rocket_wrangler - INFO - No more children for 'Base do ejetor'
2025.Nov.06 01:18:25 - rocketserializer.components.open_rocket_wrangler - INFO - Finished processing 'Base do ejetor'
2025.Nov.06 01:18:25 - rocketserializer.components.open_rocket_wrangler - INFO - Child 'Base do ejetor' processed
2025.Nov.06 01:18:25 - rocketserializer.components.open_rocket_wrangler - INFO - Moving to the next child
2025.Nov.06 01:18:25 - rocketserializer.components.open_rocket_wrangler - INFO - Child 'Haste do ejetor 1' processed
2025.Nov.06 01:18:25 - rocketserializer.components.open_rocket_wrangler - INFO - Moving to the next child
2025.Nov.06 01:18:25 - rocketserializer.components.open_rocket_wrangler - INFO - Child 'Mola do ejetor 1' processed
2025.Nov.06 01:18:25 - rocketserializer.components.open_rocket_wrangler - INFO - Moving to the next child
2025.Nov.06 01:18:25 - rocketserializer.components.open_rocket_wrangler - INFO - Child 'Haste do ejetor 2' processed
2025.Nov.06 01:18:25 - rocketserializer.components.open_rocket_wrangler - INFO - Moving to the next child
2025.Nov.06 01:18:25 - rocketserializer.components.open_rocket_wrangler - INFO - Child 'Mola do ejetor 2' processed
2025.Nov.06 01:18:25 - rocketserializer.components.open_rocket_wrangler - INFO - Moving to the next child
2025.Nov.06 01:18:25 - rocketserializer.components.open_rocket_wrangler - INFO - Starting to process element 'Suporte do paraquedas' of type 'Bulkhead'
2025.Nov.06 01:18:25 - rocketserializer.components.open_rocket_wrangler - INFO - No more children for 'Suporte do paraquedas'
2025.Nov.06 01:18:25 - rocketserializer.components.open_rocket_wrangler - INFO - Finished processing 'Suporte do paraquedas'
2025.Nov.06 01:18:25 - rocketserializer.components.open_rocket_wrangler - INFO - Child 'Suporte do paraquedas' processed
2025.Nov.06 01:18:25 - rocketserializer.components.open_rocket_wrangler - INFO - Moving to the next child
2025.Nov.06 01:18:25 - rocketserializer.components.open_rocket_wrangler - INFO - Child 'Servo motor do DR' processed
2025.Nov.06 01:18:25 - rocketserializer.components.open_rocket_wrangler - INFO - Moving to the next child
2025.Nov.06 01:18:25 - rocketserializer.components.open_rocket_wrangler - INFO - No more children for 'Baia de Recuperação'
2025.Nov.06 01:18:25 - rocketserializer.components.open_rocket_wrangler - INFO - Finished processing 'Baia de Recuperação'
2025.Nov.06 01:18:25 - rocketserializer.components.open_rocket_wrangler - INFO - Child 'Baia de Recuperação' processed
2025.Nov.06 01:18:25 - rocketserializer.components.open_rocket_wrangler - INFO - Moving to the next child
2025.Nov.06 01:18:25 - rocketserializer.components.open_rocket_wrangler - INFO - Starting to process element 'Acoplador do DR (parte externa)' of type 'BodyTube'
2025.Nov.06 01:18:25 - rocketserializer.components.open_rocket_wrangler - INFO - Starting to process element 'Acoplador - inferior/superior' of type 'TubeCoupler'
2025.Nov.06 01:18:25 - rocketserializer.components.open_rocket_wrangler - INFO - No more children for 'Acoplador - inferior/superior'
2025.Nov.06 01:18:25 - rocketserializer.components.open_rocket_wrangler - INFO - Finished processing 'Acoplador - inferior/superior'
2025.Nov.06 01:18:25 - rocketserializer.components.open_rocket_wrangler - INFO - Child 'Acoplador - inferior/superior' processed
2025.Nov.06 01:18:25 - rocketserializer.components.open_rocket_wrangler - INFO - Moving to the next child
2025.Nov.06 01:18:25 - rocketserializer.components.open_rocket_wrangler - INFO - Child 'Parafusos acoplador DR' processed
2025.Nov.06 01:18:25 - rocketserializer.components.open_rocket_wrangler - INFO - Moving to the next child
2025.Nov.06 01:18:25 - rocketserializer.components.open_rocket_wrangler - INFO - No more children for 'Acoplador do DR (parte externa)'
2025.Nov.06 01:18:25 - rocketserializer.components.open_rocket_wrangler - INFO - Finished processing 'Acoplador do DR (parte externa)'
2025.Nov.06 01:18:25 - rocketserializer.components.open_rocket_wrangler - INFO - Child 'Acoplador do DR (parte externa)' processed
2025.Nov.06 01:18:25 - rocketserializer.components.open_rocket_wrangler - INFO - Moving to the next child
2025.Nov.06 01:18:25 - rocketserializer.components.open_rocket_wrangler - INFO - Starting to process element 'Fuselagem DEC' of type 'BodyTube'
2025.Nov.06 01:18:25 - rocketserializer.components.open_rocket_wrangler - INFO - Starting to process element 'Topo Avionica' of type 'Bulkhead'
2025.Nov.06 01:18:25 - rocketserializer.components.open_rocket_wrangler - INFO - No more children for 'Topo Avionica'
2025.Nov.06 01:18:25 - rocketserializer.components.open_rocket_wrangler - INFO - Finished processing 'Topo Avionica'
2025.Nov.06 01:18:25 - rocketserializer.components.open_rocket_wrangler - INFO - Child 'Topo Avionica' processed
2025.Nov.06 01:18:25 - rocketserializer.components.open_rocket_wrangler - INFO - Moving to the next child
2025.Nov.06 01:18:25 - rocketserializer.components.open_rocket_wrangler - INFO - Starting to process element 'Base Avionica' of type 'Bulkhead'
2025.Nov.06 01:18:25 - rocketserializer.components.open_rocket_wrangler - INFO - No more children for 'Base Avionica'
2025.Nov.06 01:18:25 - rocketserializer.components.open_rocket_wrangler - INFO - Finished processing 'Base Avionica'
2025.Nov.06 01:18:25 - rocketserializer.components.open_rocket_wrangler - INFO - Child 'Base Avionica' processed
2025.Nov.06 01:18:25 - rocketserializer.components.open_rocket_wrangler - INFO - Moving to the next child
2025.Nov.06 01:18:25 - rocketserializer.components.open_rocket_wrangler - INFO - Child 'Coluna 1 aviônica' processed
2025.Nov.06 01:18:25 - rocketserializer.components.open_rocket_wrangler - INFO - Moving to the next child
2025.Nov.06 01:18:25 - rocketserializer.components.open_rocket_wrangler - INFO - Child 'Coluna 2 aviônica' processed
2025.Nov.06 01:18:25 - rocketserializer.components.open_rocket_wrangler - INFO - Moving to the next child
2025.Nov.06 01:18:25 - rocketserializer.components.open_rocket_wrangler - INFO - Child 'Suporte baterias + Baterias' processed
2025.Nov.06 01:18:25 - rocketserializer.components.open_rocket_wrangler - INFO - Moving to the next child
2025.Nov.06 01:18:25 - rocketserializer.components.open_rocket_wrangler - INFO - Starting to process element 'Suporte Altímetro' of type 'Bulkhead'
2025.Nov.06 01:18:25 - rocketserializer.components.open_rocket_wrangler - INFO - No more children for 'Suporte Altímetro'
2025.Nov.06 01:18:25 - rocketserializer.components.open_rocket_wrangler - INFO - Finished processing 'Suporte Altímetro'
2025.Nov.06 01:18:25 - rocketserializer.components.open_rocket_wrangler - INFO - Child 'Suporte Altímetro' processed
2025.Nov.06 01:18:25 - rocketserializer.components.open_rocket_wrangler - INFO - Moving to the next child
2025.Nov.06 01:18:25 - rocketserializer.components.open_rocket_wrangler - INFO - Starting to process element 'Suporte do Board' of type 'Bulkhead'
2025.Nov.06 01:18:25 - rocketserializer.components.open_rocket_wrangler - INFO - No more children for 'Suporte do Board'
2025.Nov.06 01:18:25 - rocketserializer.components.open_rocket_wrangler - INFO - Finished processing 'Suporte do Board'
2025.Nov.06 01:18:25 - rocketserializer.components.open_rocket_wrangler - INFO - Child 'Suporte do Board' processed
2025.Nov.06 01:18:25 - rocketserializer.components.open_rocket_wrangler - INFO - Moving to the next child
2025.Nov.06 01:18:25 - rocketserializer.components.open_rocket_wrangler - INFO - Child 'Altímetro + 4 parafusos' processed
2025.Nov.06 01:18:25 - rocketserializer.components.open_rocket_wrangler - INFO - Moving to the next child
2025.Nov.06 01:18:25 - rocketserializer.components.open_rocket_wrangler - INFO - Child 'Board + 4 parafusos' processed
2025.Nov.06 01:18:25 - rocketserializer.components.open_rocket_wrangler - INFO - Moving to the next child
2025.Nov.06 01:18:25 - rocketserializer.components.open_rocket_wrangler - INFO - Child 'Satélio' processed
2025.Nov.06 01:18:25 - rocketserializer.components.open_rocket_wrangler - INFO - Moving to the next child
2025.Nov.06 01:18:25 - rocketserializer.components.open_rocket_wrangler - INFO - Starting to process element 'Base do Satélio' of type 'Bulkhead'
2025.Nov.06 01:18:25 - rocketserializer.components.open_rocket_wrangler - INFO - No more children for 'Base do Satélio'
2025.Nov.06 01:18:25 - rocketserializer.components.open_rocket_wrangler - INFO - Finished processing 'Base do Satélio'
2025.Nov.06 01:18:25 - rocketserializer.components.open_rocket_wrangler - INFO - Child 'Base do Satélio' processed
2025.Nov.06 01:18:25 - rocketserializer.components.open_rocket_wrangler - INFO - Moving to the next child
2025.Nov.06 01:18:25 - rocketserializer.components.open_rocket_wrangler - INFO - Starting to process element 'Anteparo Satélio 1' of type 'Bulkhead'
2025.Nov.06 01:18:25 - rocketserializer.components.open_rocket_wrangler - INFO - No more children for 'Anteparo Satélio 1'
2025.Nov.06 01:18:25 - rocketserializer.components.open_rocket_wrangler - INFO - Finished processing 'Anteparo Satélio 1'
2025.Nov.06 01:18:25 - rocketserializer.components.open_rocket_wrangler - INFO - Child 'Anteparo Satélio 1' processed
2025.Nov.06 01:18:25 - rocketserializer.components.open_rocket_wrangler - INFO - Moving to the next child
2025.Nov.06 01:18:25 - rocketserializer.components.open_rocket_wrangler - INFO - Child 'Haste Satélio 1' processed
2025.Nov.06 01:18:25 - rocketserializer.components.open_rocket_wrangler - INFO - Moving to the next child
2025.Nov.06 01:18:25 - rocketserializer.components.open_rocket_wrangler - INFO - Starting to process element 'Anteparo Satélio 2' of type 'Bulkhead'
2025.Nov.06 01:18:25 - rocketserializer.components.open_rocket_wrangler - INFO - No more children for 'Anteparo Satélio 2'
2025.Nov.06 01:18:25 - rocketserializer.components.open_rocket_wrangler - INFO - Finished processing 'Anteparo Satélio 2'
2025.Nov.06 01:18:25 - rocketserializer.components.open_rocket_wrangler - INFO - Child 'Anteparo Satélio 2' processed
2025.Nov.06 01:18:25 - rocketserializer.components.open_rocket_wrangler - INFO - Moving to the next child
2025.Nov.06 01:18:25 - rocketserializer.components.open_rocket_wrangler - INFO - Child 'Haste Satélio 2' processed
2025.Nov.06 01:18:25 - rocketserializer.components.open_rocket_wrangler - INFO - Moving to the next child
2025.Nov.06 01:18:25 - rocketserializer.components.open_rocket_wrangler - INFO - Child 'Porca Base aviônica 1' processed
2025.Nov.06 01:18:25 - rocketserializer.components.open_rocket_wrangler - INFO - Moving to the next child
2025.Nov.06 01:18:25 - rocketserializer.components.open_rocket_wrangler - INFO - Child 'Porca Topo aviônica 1' processed
2025.Nov.06 01:18:25 - rocketserializer.components.open_rocket_wrangler - INFO - Moving to the next child
2025.Nov.06 01:18:25 - rocketserializer.components.open_rocket_wrangler - INFO - Child 'Porca Topo aviônica 2' processed
2025.Nov.06 01:18:25 - rocketserializer.components.open_rocket_wrangler - INFO - Moving to the next child
2025.Nov.06 01:18:25 - rocketserializer.components.open_rocket_wrangler - INFO - Child 'Porca Base aviônica 2' processed
2025.Nov.06 01:18:25 - rocketserializer.components.open_rocket_wrangler - INFO - Moving to the next child
2025.Nov.06 01:18:25 - rocketserializer.components.open_rocket_wrangler - INFO - No more children for 'Fuselagem DEC'
2025.Nov.06 01:18:25 - rocketserializer.components.open_rocket_wrangler - INFO - Finished processing 'Fuselagem DEC'
2025.Nov.06 01:18:25 - rocketserializer.components.open_rocket_wrangler - INFO - Child 'Fuselagem DEC' processed
2025.Nov.06 01:18:25 - rocketserializer.components.open_rocket_wrangler - INFO - Moving to the next child
2025.Nov.06 01:18:25 - rocketserializer.components.open_rocket_wrangler - INFO - Starting to process element 'Acoplador do motor (parte externa)' of type 'BodyTube'
2025.Nov.06 01:18:25 - rocketserializer.components.open_rocket_wrangler - INFO - No more children for 'Acoplador do motor (parte externa)'
2025.Nov.06 01:18:25 - rocketserializer.components.open_rocket_wrangler - INFO - Finished processing 'Acoplador do motor (parte externa)'
2025.Nov.06 01:18:25 - rocketserializer.components.open_rocket_wrangler - INFO - Child 'Acoplador do motor (parte externa)' processed
2025.Nov.06 01:18:25 - rocketserializer.components.open_rocket_wrangler - INFO - Moving to the next child
2025.Nov.06 01:18:25 - rocketserializer.components.open_rocket_wrangler - INFO - Starting to process element 'Motor' of type 'BodyTube'
2025.Nov.06 01:18:25 - rocketserializer.components.open_rocket_wrangler - INFO - Starting to process element 'Acoplador - inferior/superior' of type 'TubeCoupler'
2025.Nov.06 01:18:25 - rocketserializer.components.open_rocket_wrangler - INFO - Child 'Parafusos acoplador DPS' processed
2025.Nov.06 01:18:25 - rocketserializer.components.open_rocket_wrangler - INFO - Moving to the next child
2025.Nov.06 01:18:25 - rocketserializer.components.open_rocket_wrangler - INFO - Starting to process element 'Interface com Motor' of type 'Bulkhead'
2025.Nov.06 01:18:25 - rocketserializer.components.open_rocket_wrangler - INFO - No more children for 'Interface com Motor'
2025.Nov.06 01:18:25 - rocketserializer.components.open_rocket_wrangler - INFO - Finished processing 'Interface com Motor'
2025.Nov.06 01:18:25 - rocketserializer.components.open_rocket_wrangler - INFO - Child 'Interface com Motor' processed
2025.Nov.06 01:18:25 - rocketserializer.components.open_rocket_wrangler - INFO - Moving to the next child
2025.Nov.06 01:18:25 - rocketserializer.components.open_rocket_wrangler - INFO - No more children for 'Acoplador - inferior/superior'
2025.Nov.06 01:18:25 - rocketserializer.components.open_rocket_wrangler - INFO - Finished processing 'Acoplador - inferior/superior'
2025.Nov.06 01:18:25 - rocketserializer.components.open_rocket_wrangler - INFO - Child 'Acoplador - inferior/superior' processed
2025.Nov.06 01:18:25 - rocketserializer.components.open_rocket_wrangler - INFO - Moving to the next child
2025.Nov.06 01:18:25 - rocketserializer.components.open_rocket_wrangler - INFO - Starting to process element 'Case do Motor' of type 'InnerTube'
2025.Nov.06 01:18:25 - rocketserializer.components.open_rocket_wrangler - INFO - Starting to process element 'Bulkhead 01' of type 'InnerTube'
2025.Nov.06 01:18:25 - rocketserializer.components.open_rocket_wrangler - INFO - Child 'Componente de massa' processed
2025.Nov.06 01:18:25 - rocketserializer.components.open_rocket_wrangler - INFO - Moving to the next child
2025.Nov.06 01:18:25 - rocketserializer.components.open_rocket_wrangler - INFO - No more children for 'Bulkhead 01'
2025.Nov.06 01:18:25 - rocketserializer.components.open_rocket_wrangler - INFO - Finished processing 'Bulkhead 01'
2025.Nov.06 01:18:25 - rocketserializer.components.open_rocket_wrangler - INFO - Child 'Bulkhead 01' processed
2025.Nov.06 01:18:25 - rocketserializer.components.open_rocket_wrangler - INFO - Moving to the next child
2025.Nov.06 01:18:25 - rocketserializer.components.open_rocket_wrangler - INFO - Starting to process element 'Bulkhead 02' of type 'Bulkhead'
2025.Nov.06 01:18:25 - rocketserializer.components.open_rocket_wrangler - INFO - No more children for 'Bulkhead 02'
2025.Nov.06 01:18:25 - rocketserializer.components.open_rocket_wrangler - INFO - Finished processing 'Bulkhead 02'
2025.Nov.06 01:18:25 - rocketserializer.components.open_rocket_wrangler - INFO - Child 'Bulkhead 02' processed
2025.Nov.06 01:18:25 - rocketserializer.components.open_rocket_wrangler - INFO - Moving to the next child
2025.Nov.06 01:18:25 - rocketserializer.components.open_rocket_wrangler - INFO - Starting to process element 'Anel de Vedação 1' of type 'CenteringRing'
2025.Nov.06 01:18:25 - rocketserializer.components.open_rocket_wrangler - INFO - No more children for 'Anel de Vedação 1'
2025.Nov.06 01:18:25 - rocketserializer.components.open_rocket_wrangler - INFO - Finished processing 'Anel de Vedação 1'
2025.Nov.06 01:18:25 - rocketserializer.components.open_rocket_wrangler - INFO - Child 'Anel de Vedação 1' processed
2025.Nov.06 01:18:25 - rocketserializer.components.open_rocket_wrangler - INFO - Moving to the next child
2025.Nov.06 01:18:25 - rocketserializer.components.open_rocket_wrangler - INFO - Starting to process element 'Parafusos + porcas  do Bulkhead' of type 'CenteringRing'
2025.Nov.06 01:18:25 - rocketserializer.components.open_rocket_wrangler - INFO - No more children for 'Parafusos + porcas  do Bulkhead'
2025.Nov.06 01:18:25 - rocketserializer.components.open_rocket_wrangler - INFO - Finished processing 'Parafusos + porcas  do Bulkhead'
2025.Nov.06 01:18:25 - rocketserializer.components.open_rocket_wrangler - INFO - Child 'Parafusos + porcas  do Bulkhead' processed
2025.Nov.06 01:18:25 - rocketserializer.components.open_rocket_wrangler - INFO - Moving to the next child
2025.Nov.06 01:18:25 - rocketserializer.components.open_rocket_wrangler - INFO - Starting to process element 'Protecao Termica' of type 'InnerTube'
2025.Nov.06 01:18:25 - rocketserializer.components.open_rocket_wrangler - INFO - No more children for 'Protecao Termica'
2025.Nov.06 01:18:25 - rocketserializer.components.open_rocket_wrangler - INFO - Finished processing 'Protecao Termica'
2025.Nov.06 01:18:25 - rocketserializer.components.open_rocket_wrangler - INFO - Child 'Protecao Termica' processed
2025.Nov.06 01:18:25 - rocketserializer.components.open_rocket_wrangler - INFO - Moving to the next child
2025.Nov.06 01:18:25 - rocketserializer.components.open_rocket_wrangler - INFO - Starting to process element 'Anel de Vedação 2' of type 'CenteringRing'
2025.Nov.06 01:18:25 - rocketserializer.components.open_rocket_wrangler - INFO - No more children for 'Anel de Vedação 2'
2025.Nov.06 01:18:25 - rocketserializer.components.open_rocket_wrangler - INFO - Finished processing 'Anel de Vedação 2'
2025.Nov.06 01:18:25 - rocketserializer.components.open_rocket_wrangler - INFO - Child 'Anel de Vedação 2' processed
2025.Nov.06 01:18:25 - rocketserializer.components.open_rocket_wrangler - INFO - Moving to the next child
2025.Nov.06 01:18:25 - rocketserializer.components.open_rocket_wrangler - INFO - Starting to process element 'Anel de Vedação 3' of type 'CenteringRing'
2025.Nov.06 01:18:25 - rocketserializer.components.open_rocket_wrangler - INFO - No more children for 'Anel de Vedação 3'
2025.Nov.06 01:18:25 - rocketserializer.components.open_rocket_wrangler - INFO - Finished processing 'Anel de Vedação 3'
2025.Nov.06 01:18:25 - rocketserializer.components.open_rocket_wrangler - INFO - Child 'Anel de Vedação 3' processed
2025.Nov.06 01:18:25 - rocketserializer.components.open_rocket_wrangler - INFO - Moving to the next child
2025.Nov.06 01:18:25 - rocketserializer.components.open_rocket_wrangler - INFO - Starting to process element 'Anel de Vedação 4' of type 'CenteringRing'
2025.Nov.06 01:18:25 - rocketserializer.components.open_rocket_wrangler - INFO - No more children for 'Anel de Vedação 4'
2025.Nov.06 01:18:25 - rocketserializer.components.open_rocket_wrangler - INFO - Finished processing 'Anel de Vedação 4'
2025.Nov.06 01:18:25 - rocketserializer.components.open_rocket_wrangler - INFO - Child 'Anel de Vedação 4' processed
2025.Nov.06 01:18:25 - rocketserializer.components.open_rocket_wrangler - INFO - Moving to the next child
2025.Nov.06 01:18:25 - rocketserializer.components.open_rocket_wrangler - INFO - Starting to process element 'Tubeira 01' of type 'InnerTube'
2025.Nov.06 01:18:25 - rocketserializer.components.open_rocket_wrangler - INFO - Starting to process element 'Anel de Vedação 1' of type 'CenteringRing'
2025.Nov.06 01:18:25 - rocketserializer.components.open_rocket_wrangler - INFO - No more children for 'Anel de Vedação 1'
2025.Nov.06 01:18:25 - rocketserializer.components.open_rocket_wrangler - INFO - Finished processing 'Anel de Vedação 1'
2025.Nov.06 01:18:25 - rocketserializer.components.open_rocket_wrangler - INFO - Child 'Anel de Vedação 1' processed
2025.Nov.06 01:18:25 - rocketserializer.components.open_rocket_wrangler - INFO - Moving to the next child
2025.Nov.06 01:18:25 - rocketserializer.components.open_rocket_wrangler - INFO - Starting to process element 'Anel de Vedação 1' of type 'CenteringRing'
2025.Nov.06 01:18:25 - rocketserializer.components.open_rocket_wrangler - INFO - No more children for 'Anel de Vedação 1'
2025.Nov.06 01:18:25 - rocketserializer.components.open_rocket_wrangler - INFO - Finished processing 'Anel de Vedação 1'
2025.Nov.06 01:18:25 - rocketserializer.components.open_rocket_wrangler - INFO - Child 'Anel de Vedação 1' processed
2025.Nov.06 01:18:25 - rocketserializer.components.open_rocket_wrangler - INFO - Moving to the next child
2025.Nov.06 01:18:25 - rocketserializer.components.open_rocket_wrangler - INFO - No more children for 'Tubeira 01'
2025.Nov.06 01:18:25 - rocketserializer.components.open_rocket_wrangler - INFO - Finished processing 'Tubeira 01'
2025.Nov.06 01:18:25 - rocketserializer.components.open_rocket_wrangler - INFO - Child 'Tubeira 01' processed
2025.Nov.06 01:18:25 - rocketserializer.components.open_rocket_wrangler - INFO - Moving to the next child
2025.Nov.06 01:18:25 - rocketserializer.components.open_rocket_wrangler - INFO - Starting to process element 'Tubeira 02' of type 'InnerTube'
2025.Nov.06 01:18:25 - rocketserializer.components.open_rocket_wrangler - INFO - No more children for 'Tubeira 02'
2025.Nov.06 01:18:25 - rocketserializer.components.open_rocket_wrangler - INFO - Finished processing 'Tubeira 02'
2025.Nov.06 01:18:25 - rocketserializer.components.open_rocket_wrangler - INFO - Child 'Tubeira 02' processed
2025.Nov.06 01:18:25 - rocketserializer.components.open_rocket_wrangler - INFO - Moving to the next child
2025.Nov.06 01:18:25 - rocketserializer.components.open_rocket_wrangler - INFO - Starting to process element 'Anel Retentor' of type 'InnerTube'
2025.Nov.06 01:18:25 - rocketserializer.components.open_rocket_wrangler - INFO - Starting to process element 'Parafusos + porcas da Tubeira' of type 'CenteringRing'
2025.Nov.06 01:18:25 - rocketserializer.components.open_rocket_wrangler - INFO - No more children for 'Parafusos + porcas da Tubeira'
2025.Nov.06 01:18:25 - rocketserializer.components.open_rocket_wrangler - INFO - Finished processing 'Parafusos + porcas da Tubeira'
2025.Nov.06 01:18:25 - rocketserializer.components.open_rocket_wrangler - INFO - Child 'Parafusos + porcas da Tubeira' processed
2025.Nov.06 01:18:25 - rocketserializer.components.open_rocket_wrangler - INFO - Moving to the next child
2025.Nov.06 01:18:25 - rocketserializer.components.open_rocket_wrangler - INFO - No more children for 'Anel Retentor'
2025.Nov.06 01:18:25 - rocketserializer.components.open_rocket_wrangler - INFO - Finished processing 'Anel Retentor'
2025.Nov.06 01:18:25 - rocketserializer.components.open_rocket_wrangler - INFO - Child 'Anel Retentor' processed
2025.Nov.06 01:18:25 - rocketserializer.components.open_rocket_wrangler - INFO - Moving to the next child
2025.Nov.06 01:18:25 - rocketserializer.components.open_rocket_wrangler - INFO - No more children for 'Case do Motor'
2025.Nov.06 01:18:25 - rocketserializer.components.open_rocket_wrangler - INFO - Finished processing 'Case do Motor'
2025.Nov.06 01:18:25 - rocketserializer.components.open_rocket_wrangler - INFO - Child 'Case do Motor' processed
2025.Nov.06 01:18:25 - rocketserializer.components.open_rocket_wrangler - INFO - Moving to the next child
2025.Nov.06 01:18:25 - rocketserializer.components.open_rocket_wrangler - INFO - Starting to process element 'Guia de lançamento' of type 'LaunchLug'
2025.Nov.06 01:18:25 - rocketserializer.components.open_rocket_wrangler - INFO - No more children for 'Guia de lançamento'
2025.Nov.06 01:18:25 - rocketserializer.components.open_rocket_wrangler - INFO - Finished processing 'Guia de lançamento'
2025.Nov.06 01:18:25 - rocketserializer.components.open_rocket_wrangler - INFO - Child 'Guia de lançamento' processed
2025.Nov.06 01:18:25 - rocketserializer.components.open_rocket_wrangler - INFO - Moving to the next child
2025.Nov.06 01:18:25 - rocketserializer.components.open_rocket_wrangler - INFO - Starting to process element 'Guia de lançamento' of type 'LaunchLug'
2025.Nov.06 01:18:25 - rocketserializer.components.open_rocket_wrangler - INFO - No more children for 'Guia de lançamento'
2025.Nov.06 01:18:25 - rocketserializer.components.open_rocket_wrangler - INFO - Finished processing 'Guia de lançamento'
2025.Nov.06 01:18:25 - rocketserializer.components.open_rocket_wrangler - INFO - Child 'Guia de lançamento' processed
2025.Nov.06 01:18:25 - rocketserializer.components.open_rocket_wrangler - INFO - Moving to the next child
2025.Nov.06 01:18:25 - rocketserializer.components.open_rocket_wrangler - INFO - Starting to process element 'Conjunto de aletas trapezoidais' of type 'TrapezoidFinSet'
2025.Nov.06 01:18:25 - rocketserializer.components.open_rocket_wrangler - INFO - No more children for 'Conjunto de aletas trapezoidais'
2025.Nov.06 01:18:25 - rocketserializer.components.open_rocket_wrangler - INFO - Finished processing 'Conjunto de aletas trapezoidais'
2025.Nov.06 01:18:25 - rocketserializer.components.open_rocket_wrangler - INFO - Child 'Conjunto de aletas trapezoidais' processed
2025.Nov.06 01:18:25 - rocketserializer.components.open_rocket_wrangler - INFO - Moving to the next child
2025.Nov.06 01:18:25 - rocketserializer.components.open_rocket_wrangler - INFO - Starting to process element 'Anel de Alinhamento 01' of type 'CenteringRing'
2025.Nov.06 01:18:25 - rocketserializer.components.open_rocket_wrangler - INFO - No more children for 'Anel de Alinhamento 01'
2025.Nov.06 01:18:25 - rocketserializer.components.open_rocket_wrangler - INFO - Finished processing 'Anel de Alinhamento 01'
2025.Nov.06 01:18:25 - rocketserializer.components.open_rocket_wrangler - INFO - Child 'Anel de Alinhamento 01' processed
2025.Nov.06 01:18:25 - rocketserializer.components.open_rocket_wrangler - INFO - Moving to the next child
2025.Nov.06 01:18:25 - rocketserializer.components.open_rocket_wrangler - INFO - Starting to process element 'Anel de Alinhamento 01' of type 'CenteringRing'
2025.Nov.06 01:18:25 - rocketserializer.components.open_rocket_wrangler - INFO - No more children for 'Anel de Alinhamento 01'
2025.Nov.06 01:18:25 - rocketserializer.components.open_rocket_wrangler - INFO - Finished processing 'Anel de Alinhamento 01'
2025.Nov.06 01:18:25 - rocketserializer.components.open_rocket_wrangler - INFO - Child 'Anel de Alinhamento 01' processed
2025.Nov.06 01:18:25 - rocketserializer.components.open_rocket_wrangler - INFO - Moving to the next child
2025.Nov.06 01:18:25 - rocketserializer.components.open_rocket_wrangler - INFO - No more children for 'Motor'
2025.Nov.06 01:18:25 - rocketserializer.components.open_rocket_wrangler - INFO - Finished processing 'Motor'
2025.Nov.06 01:18:25 - rocketserializer.components.open_rocket_wrangler - INFO - Child 'Motor' processed
2025.Nov.06 01:18:25 - rocketserializer.components.open_rocket_wrangler - INFO - Moving to the next child
2025.Nov.06 01:18:25 - rocketserializer.components.open_rocket_wrangler - INFO - Starting to process element 'Boattail' of type 'Transition'
2025.Nov.06 01:18:25 - rocketserializer.components.open_rocket_wrangler - INFO - No more children for 'Boattail'
2025.Nov.06 01:18:25 - rocketserializer.components.open_rocket_wrangler - INFO - Finished processing 'Boattail'
2025.Nov.06 01:18:25 - rocketserializer.components.open_rocket_wrangler - INFO - Child 'Boattail' processed
2025.Nov.06 01:18:25 - rocketserializer.components.open_rocket_wrangler - INFO - Moving to the next child
2025.Nov.06 01:18:25 - rocketserializer.components.open_rocket_wrangler - INFO - No more children for 'Sustentador'
2025.Nov.06 01:18:25 - rocketserializer.components.open_rocket_wrangler - INFO - Finished processing 'Sustentador'
2025.Nov.06 01:18:25 - rocketserializer.components.open_rocket_wrangler - INFO - Child 'Sustentador' processed
2025.Nov.06 01:18:25 - rocketserializer.components.open_rocket_wrangler - INFO - Moving to the next child
2025.Nov.06 01:18:25 - rocketserializer.components.open_rocket_wrangler - INFO - No more children for 'gctfytv'
2025.Nov.06 01:18:25 - rocketserializer.components.open_rocket_wrangler - INFO - Finished processing 'gctfytv'
2025.Nov.06 01:18:25 - rocketserializer.ork_extractor - INFO - The elements are:
                       1935349533831117891: 
                           type: Rocket
                           name: gctfytv
                           length: 1.016
                           position: 0
                       1521956423883432032: 
                           type: AxialStage
                           name: Sustentador
                           length: 1.016
                           position: 1.016
                       -2997944771381242155: 
                           type: NoseCone
                           name: Ogiva
                           length: 0.12000000000000005
                           position: 0.0
                       6785073219160661186: 
                           type: BodyTube
                           name: Baia de Recuperação
                           length: 0.3
                           position: 0.12000000000000005
                       6246253843583793916: 
                           type: Bulkhead
                           name: Base do ejetor
                           length: 0.009000000000000001
                           position: 0.6220000000000001
                       -4098093059689862586: 
                           type: Bulkhead
                           name: Suporte do paraquedas
                           length: 0.013000000000000001
                           position: 0.746
                       1432804526757389674: 
                           type: BodyTube
                           name: Acoplador do DR (parte externa)
                           length: 0.004
                           position: 0.42000000000000004
                       -2213283766375759310: 
                           type: TubeCoupler
                           name: Acoplador - inferior/superior
                           length: 0.03
                           position: 0.40700000000000003
                       2772826841239626862: 
                           type: BodyTube
                           name: Fuselagem DEC
                           length: 0.26
                           position: 0.42400000000000004
                       -3706071220238804080: 
                           type: Bulkhead
                           name: Topo Avionica
                           length: 0.01
                           position: 0.4635000000000001
                       -600689759491749621: 
                           type: Bulkhead
                           name: Base Avionica
                           length: 0.01
                           position: 0.552
                       6280158265367688689: 
                           type: Bulkhead
                           name: Suporte Altímetro
                           length: 0.005
                           position: 0.7235
                       -4314212861213458876: 
                           type: Bulkhead
                           name: Suporte do Board
                           length: 0.005
                           position: 0.7625
                       4516797327971216031: 
                           type: Bulkhead
                           name: Base do Satélio
                           length: 0.008
                           position: 1.0474999999999999
                       8425920381219953969: 
                           type: Bulkhead
                           name: Anteparo Satélio 1
                           length: 0.005
                           position: 1.0285
                       1358580475953405073: 
                           type: Bulkhead
                           name: Anteparo Satélio 2
                           length: 0.005
                           position: 1.1005
                       6275555326336702179: 
                           type: BodyTube
                           name: Acoplador do motor (parte externa)
                           length: 0.003
                           position: 0.684
                       -2106285562230966006: 
                           type: BodyTube
                           name: Motor
                           length: 0.271
                           position: 0.687
                       -1344286676541658310: 
                           type: TubeCoupler
                           name: Acoplador - inferior/superior
                           length: 0.033
                           position: 0.669
                       3946397680846413344: 
                           type: Bulkhead
                           name: Interface com Motor
                           length: 0.003
                           position: 0.7420000000000001
                       -1078847757711179476: 
                           type: InnerTube
                           name: Case do Motor
                           length: 0.28500000000000003
                           position: 0.7350000000000001
                       7896690076418197092: 
                           type: InnerTube
                           name: Bulkhead 01
                           length: 0.021
                           position: 0.7200000000000001
                       7104181777576292446: 
                           type: Bulkhead
                           name: Bulkhead 02
                           length: 0.012
                           position: 0.7620000000000001
                       8912250998440569183: 
                           type: CenteringRing
                           name: Anel de Vedação 1
                           length: 0.003
                           position: 0.7780000000000001
                       7165774683856230142: 
                           type: CenteringRing
                           name: Parafusos + porcas  do Bulkhead
                           length: 0.008
                           position: 0.7630000000000001
                       -3868218290458011891: 
                           type: InnerTube
                           name: Protecao Termica
                           length: 0.25
                           position: 0.7970000000000002
                       2754751396919827894: 
                           type: CenteringRing
                           name: Anel de Vedação 2
                           length: 0.003
                           position: 1.0970000000000002
                       3730489864085873403: 
                           type: CenteringRing
                           name: Anel de Vedação 3
                           length: 0.003
                           position: 1.153
                       -2904469699123105182: 
                           type: CenteringRing
                           name: Anel de Vedação 4
                           length: 0.003
                           position: 1.209
                       -6284779336430616759: 
                           type: InnerTube
                           name: Tubeira 01
                           length: 0.019
                           position: 1.267
                       -2070682651423420871: 
                           type: CenteringRing
                           name: Anel de Vedação 1
                           length: 0.003
                           position: 1.0259999999999998
                       8655656477980594145: 
                           type: CenteringRing
                           name: Anel de Vedação 1
                           length: 0.003
                           position: 1.0349999999999997
                       2296478065494236362: 
                           type: InnerTube
                           name: Tubeira 02
                           length: 0.05
                           position: 1.3049999999999997
                       7581725823220902808: 
                           type: InnerTube
                           name: Anel Retentor
                           length: 0.022000000000000002
                           position: 1.355
                       -3257102835506192202: 
                           type: CenteringRing
                           name: Parafusos + porcas da Tubeira
                           length: 0.008
                           position: 1.0989999999999998
                       -1791543443377227304: 
                           type: LaunchLug
                           name: Guia de lançamento
                           length: 0.015
                           position: 1.0010000000000001
                       -656310525314088643: 
                           type: LaunchLug
                           name: Guia de lançamento
                           length: 0.015
                           position: 0.741
                       9176909822346171133: 
                           type: TrapezoidFinSet
                           name: Conjunto de aletas trapezoidais
                           length: 0.11
                           position: 1.196
                       3903952974251487291: 
                           type: CenteringRing
                           name: Anel de Alinhamento 01
                           length: 0.002
                           position: 1.245
                       7462931393382113947: 
                           type: CenteringRing
                           name: Anel de Alinhamento 01
                           length: 0.002
                           position: 1.347
                       8150049459772165462: 
                           type: Transition
                           name: Boattail
                           length: 0.05800000000000002
                           position: 0.9580000000000001

2025.Nov.06 01:18:25 - rocketserializer.components.nose_cone - INFO - Collected the dimensions of the nosecone: length, shape and position.
2025.Nov.06 01:18:25 - rocketserializer.components.nose_cone - INFO - Nosecone setting defined:
                        name: Ogiva
                       kind: ellipsoid
                       length: 0.12000000000000005
                       base_radius: 0.039
                       position: 0.0

2025.Nov.06 01:18:25 - rocketserializer.components.fins - INFO - A total of 1 trapezoidal fin sets were detected
2025.Nov.06 01:18:25 - rocketserializer.components.fins - INFO - Starting collecting the settings for the trapezoidal fin set number '0'
2025.Nov.06 01:18:25 - rocketserializer.components.fins - INFO - Found the element 'Conjunto de aletas trapezoidais' in the elements dictionary.
2025.Nov.06 01:18:25 - rocketserializer.components.fins - INFO - Number of fins retrieved: 4
2025.Nov.06 01:18:25 - rocketserializer.components.fins - INFO - Root chord retrieved: 0.110000
2025.Nov.06 01:18:25 - rocketserializer.components.fins - INFO - Tip chord retrieved: 0.080000
2025.Nov.06 01:18:25 - rocketserializer.components.fins - INFO - Span retrieved: 0.120000
2025.Nov.06 01:18:25 - rocketserializer.components.fins - INFO - Sweep length and angle retrieved: 0.014946790123942073, None
2025.Nov.06 01:18:25 - rocketserializer.components.fins - INFO - Cant angle retrieved: 0.000000
2025.Nov.06 01:18:25 - rocketserializer.components.fins - INFO - Crosssection format retrieved
2025.Nov.06 01:18:25 - rocketserializer.components.fins - INFO - Trapezoidal fin set number '0' was defined:
                       name: Conjunto de aletas trapezoidais
                       number: 4
                       root_chord: 0.11
                       tip_chord: 0.08
                       span: 0.12
                       position: 1.196
                       sweep_length: 0.014946790123942073
                       sweep_angle: None
                       cant_angle: 0.0
                       section: airfoil

2025.Nov.06 01:18:25 - rocketserializer.components.fins - INFO - Finished collecting all the trapezoidal fins.
2025.Nov.06 01:18:25 - rocketserializer.components.fins - INFO - A total of 0 elliptical fin sets were detected
2025.Nov.06 01:18:25 - rocketserializer.components.fins - INFO - Since no elliptical fins were detected, returning empty dictionary
2025.Nov.06 01:18:25 - rocketserializer.components.transition - INFO - A total of 1 transitions were found
2025.Nov.06 01:18:25 - rocketserializer.components.transition - INFO - Starting to collect the settings of the transition number 0
2025.Nov.06 01:18:25 - rocketserializer.components.transition - INFO - Collected the name of the transition number 0
2025.Nov.06 01:18:25 - rocketserializer.components.transition - INFO - Collected the dimensions of the transition number 0
2025.Nov.06 01:18:25 - rocketserializer.components.transition - INFO - The transition number 0 was defined with the following settings:
                       name: Boattail
                       top_radius: 0.039
                       bottom_radius: 0.0275
                       length: 0.05800000000000002
                       position: 0.9580000000000001

2025.Nov.06 01:18:25 - rocketserializer.components.transition - INFO - All the 1 transition settings were defined
2025.Nov.06 01:18:25 - rocketserializer.components.parachute - INFO - A total of 1 parachutes were detected
2025.Nov.06 01:18:25 - rocketserializer.components.parachute - INFO - Starting to collect the settings of the parachute number 0
2025.Nov.06 01:18:25 - rocketserializer.components.parachute - INFO - Parachute 'Paraquedas' has a drag coefficient of 1.500000
2025.Nov.06 01:18:25 - rocketserializer.components.parachute - INFO - Parachute 'Paraquedas' will deploy at apogee
2025.Nov.06 01:18:25 - rocketserializer.components.parachute - INFO - The Parachute number 0 had its settings defined:
                       name: Paraquedas
                       cd: 1.5
                       cds: 1.6964600329384885
                       area: 1.1309733552923256
                       deploy_event: apogee
                       deploy_delay: 1.0
                       deploy_altitude: None

2025.Nov.06 01:18:25 - rocketserializer.components.parachute - INFO - All parachutes settings were collected
2025.Nov.06 01:18:25 - rocketserializer.components.stored_results - INFO - Found the 'flightdata' tag in the 'simulation' tag.
2025.Nov.06 01:18:25 - rocketserializer.components.stored_results - INFO - Retrieved the 'max_altitude' value from the .ork file: 534.08
2025.Nov.06 01:18:25 - rocketserializer.components.stored_results - INFO - Retrieved the 'max_velocity' value from the .ork file: 102.979
2025.Nov.06 01:18:25 - rocketserializer.components.stored_results - INFO - Retrieved the 'max_acceleration' value from the .ork file: 135.683
2025.Nov.06 01:18:25 - rocketserializer.components.stored_results - INFO - Retrieved the 'max_mach' value from the .ork file: 0.304
2025.Nov.06 01:18:25 - rocketserializer.components.stored_results - INFO - Retrieved the 'time_to_apogee' value from the .ork file: 11.25
2025.Nov.06 01:18:25 - rocketserializer.components.stored_results - INFO - Retrieved the 'flight_time' value from the .ork file: 109.081
2025.Nov.06 01:18:25 - rocketserializer.components.stored_results - INFO - Retrieved the 'ground_hit_velocity' value from the .ork file: 5.395
2025.Nov.06 01:18:25 - rocketserializer.components.stored_results - INFO - Retrieved the 'launch_rod_velocity' value from the .ork file: 24.497
2025.Nov.06 01:18:25 - rocketserializer.components.stored_results - INFO - The flight data was successfully retrieved:
                       max_altitude: 534.08
                       max_velocity: 102.979
                       max_acceleration: 135.683
                       max_mach: 0.304
                       time_to_apogee: 11.25
                       flight_time: 109.081
                       ground_hit_velocity: 5.395
                       launch_rod_velocity: 24.497
                       max_stability_margin: 2.554
                       min_stability_margin: 1.426
                       burnout_stability_margin: 2.108
                       max_thrust: 475.626

2025.Nov.06 01:18:25 - rocketserializer.components.drag_curve - INFO - Collected altitude vector
2025.Nov.06 01:18:25 - rocketserializer.components.drag_curve - INFO - Removed data after apogee
2025.Nov.06 01:18:25 - rocketserializer.components.drag_curve - INFO - Collected drag coefficient and Mach number
2025.Nov.06 01:18:25 - rocketserializer.components.drag_curve - INFO - Successfully created the drag curve
2025.Nov.06 01:18:25 - rocketserializer.components.drag_curve - INFO - Successfully saved the drag curve file to: 'drag_curve.csv'
2025.Nov.06 01:18:25 - rocketserializer.ork_extractor - INFO - Drag curve generated.
2025.Nov.06 01:18:25 - rocketserializer.components.motor - INFO - Collected thrust vector
2025.Nov.06 01:18:25 - rocketserializer.components.motor - INFO - The thrust points were sorted to be in ascending order
2025.Nov.06 01:18:25 - rocketserializer.components.motor - INFO - Successfully clipped the thrust curve to remove negative values
2025.Nov.06 01:18:25 - rocketserializer.components.motor - INFO - Successfully created the thrust curve
2025.Nov.06 01:18:25 - rocketserializer.components.motor - INFO - Successfully saved the thrust curve to: 'thrust_source.csv'
2025.Nov.06 01:18:25 - rocketserializer.ork_extractor - INFO - Thrust curve generated.
2025.Nov.06 01:18:25 - rocketserializer.ork_extractor - INFO - Extraction completed. A dictionary with all the parameters was generated.
2025.Nov.06 01:18:25 - rocketserializer.ork_extractor - INFO - Dictionary with the parameters:
                       id: 
                           rocket_name: gctfytv
                           comment: None
                           designer: Carlos Eduardo Fracari do Nascimento
                           filepath: rocket.ork
                       environment: 
                           latitude: 28.61
                           longitude: -80.6
                           elevation: 0.0
                           wind_average: 4.0
                           wind_turbulence: 0.1
                           geodetic_method: spherical
                           base_temperature: None
                           base_pressure: None
                           date: None
                       rocket: 
                           radius: 0.039
                           mass: 3.094
                           inertia: (0.006, 0.006, 0.249)
                           center_of_mass_without_propellant: 0.588
                           coordinate_system_orientation: nose_to_tail
                           drag_curve: ./drag_curve.csv
                       nosecones: 
                           name: Ogiva
                           kind: ellipsoid
                           length: 0.12000000000000005
                           base_radius: 0.039
                           position: 0.0
                       trapezoidal_fins: 
                           0: 
                               name: Conjunto de aletas trapezoidais
                               number: 4
                               root_chord: 0.11
                               tip_chord: 0.08
                               span: 0.12
                               position: 1.196
                               sweep_length: 0.014946790123942073
                               sweep_angle: None
                               cant_angle: 0.0
                               section: airfoil
                       elliptical_fins: 
                       tails: 
                           0: 
                               name: Boattail
                               top_radius: 0.039
                               bottom_radius: 0.0275
                               length: 0.05800000000000002
                               position: 0.9580000000000001
                       parachutes: 
                           0: 
                               name: Paraquedas
                               cd: 1.5
                               cds: 1.6964600329384885
                               area: 1.1309733552923256
                               deploy_event: apogee
                               deploy_delay: 1.0
                               deploy_altitude: None
                       rail_buttons: 
                           name: Guia de lançamento
                           upper_position: 0.741
                           lower_position: 1.0010000000000001
                           distance: 0.2600000000000001
                           angular_position: 45.0
                       motors: 
                           grain_density: 1379.8630464926725
                           grain_initial_inner_radius: 0.01125
                           grain_outer_radius: 0.0225
                           grain_initial_height: 0.209
                           nozzle_radius: 0.016875
                           throat_radius: 0.01125
                           dry_mass: 0
                           dry_inertia: (0, 0, 0)
                           center_of_dry_mass_position: 0
                           grains_center_of_mass_position: 0
                           grain_number: 1
                           grain_separation: 0
                           nozzle_position: -0.1045
                           coordinate_system_orientation: nozzle_to_combustion_chamber
                           position: 0.8378546511627906
                           thrust_source: ./thrust_source.csv
                       flight: 
                           rail_length: 4.0
                           inclination: 90.0
                           heading: 90.0
                       stored_results: 
                           max_altitude: 534.08
                           max_velocity: 102.979
                           max_acceleration: 135.683
                           max_mach: 0.304
                           time_to_apogee: 11.25
                           flight_time: 109.081
                           ground_hit_velocity: 5.395
                           launch_rod_velocity: 24.497
                           max_stability_margin: 2.554
                           min_stability_margin: 1.426
                           burnout_stability_margin: 2.108
                           max_thrust: 475.626

2025.Nov.06 01:18:25 - orhelper._orhelper - INFO - JVM shut down
2025.Nov.06 01:18:25 - rocketserializer.nb_builder - INFO - [NOTEBOOK BUILDER] Header created
2025.Nov.06 01:18:25 - rocketserializer.nb_builder - INFO - [NOTEBOOK BUILDER] Imports section created
2025.Nov.06 01:18:25 - rocketserializer.nb_builder - INFO - [NOTEBOOK BUILDER] Environment section created
2025.Nov.06 01:18:25 - rocketserializer.nb_builder - INFO - [NOTEBOOK BUILDER] Motor section created
2025.Nov.06 01:18:25 - rocketserializer.nb_builder - INFO - [NOTEBOOK BUILDER] Nosecone created.
2025.Nov.06 01:18:25 - rocketserializer.nb_builder - INFO - [NOTEBOOK BUILDER] Trapezoidal fins created.
2025.Nov.06 01:18:25 - rocketserializer.nb_builder - INFO - [NOTEBOOK BUILDER] 1 fins were added to the rocket.
2025.Nov.06 01:18:25 - rocketserializer.nb_builder - INFO - [NOTEBOOK BUILDER] Tails created.
2025.Nov.06 01:18:25 - rocketserializer.nb_builder - INFO - [NOTEBOOK BUILDER] All aerodynamic surfaces created.
2025.Nov.06 01:18:25 - rocketserializer.nb_builder - INFO - [NOTEBOOK BUILDER] Parachutes created.
2025.Nov.06 01:18:25 - rocketserializer.nb_builder - INFO - [NOTEBOOK BUILDER] Rail Buttons created.
2025.Nov.06 01:18:25 - rocketserializer.nb_builder - INFO - [NOTEBOOK BUILDER] Rocket section created
2025.Nov.06 01:18:25 - rocketserializer.nb_builder - INFO - [NOTEBOOK BUILDER] Flight section created.
2025.Nov.06 01:18:25 - rocketserializer.nb_builder - INFO - [NOTEBOOK BUILDER] Compare Results section created.
2025.Nov.06 01:18:25 - rocketserializer.nb_builder - INFO - [NOTEBOOK BUILDER] Notebook saved to './simulation.ipynb'
2025.Nov.06 01:18:25 - rocketserializer.nb_builder - INFO - [NOTEBOOK BUILDER] Black formatting applied to the final notebook
2025.Nov.06 01:18:25 - rocketserializer.nb_builder - INFO - [NOTEBOOK BUILDER] Notebook successfully built! You can find it at: .
